// Jest Snapshot v1, https://goo.gl/fbAQLP

exports[`Pruebas del componente <GifGrid/> Debe hacer match con el Snapshot 1`] = `
{
  "asFragment": [Function],
  "baseElement": <body>
    <div>
      <h3>
        One Punch
      </h3>
      <div
        class="card-grid"
      >
        <div
          class="card"
        >
          <img
            alt="Saitama"
            src="http:ofgofign"
          />
          <p>
            Saitama
          </p>
        </div>
        <div
          class="card"
        >
          <img
            alt="Pokemon"
            src="http:ofgofign"
          />
          <p>
            Pokemon
          </p>
        </div>
      </div>
    </div>
  </body>,
  "container": <div>
    <h3>
      One Punch
    </h3>
    <div
      class="card-grid"
    >
      <div
        class="card"
      >
        <img
          alt="Saitama"
          src="http:ofgofign"
        />
        <p>
          Saitama
        </p>
      </div>
      <div
        class="card"
      >
        <img
          alt="Pokemon"
          src="http:ofgofign"
        />
        <p>
          Pokemon
        </p>
      </div>
    </div>
  </div>,
  "debug": [Function],
  "findAllByAltText": [Function],
  "findAllByDisplayValue": [Function],
  "findAllByLabelText": [Function],
  "findAllByPlaceholderText": [Function],
  "findAllByRole": [Function],
  "findAllByTestId": [Function],
  "findAllByText": [Function],
  "findAllByTitle": [Function],
  "findByAltText": [Function],
  "findByDisplayValue": [Function],
  "findByLabelText": [Function],
  "findByPlaceholderText": [Function],
  "findByRole": [Function],
  "findByTestId": [Function],
  "findByText": [Function],
  "findByTitle": [Function],
  "getAllByAltText": [Function],
  "getAllByDisplayValue": [Function],
  "getAllByLabelText": [Function],
  "getAllByPlaceholderText": [Function],
  "getAllByRole": [Function],
  "getAllByTestId": [Function],
  "getAllByText": [Function],
  "getAllByTitle": [Function],
  "getByAltText": [Function],
  "getByDisplayValue": [Function],
  "getByLabelText": [Function],
  "getByPlaceholderText": [Function],
  "getByRole": [Function],
  "getByTestId": [Function],
  "getByText": [Function],
  "getByTitle": [Function],
  "queryAllByAltText": [Function],
  "queryAllByDisplayValue": [Function],
  "queryAllByLabelText": [Function],
  "queryAllByPlaceholderText": [Function],
  "queryAllByRole": [Function],
  "queryAllByTestId": [Function],
  "queryAllByText": [Function],
  "queryAllByTitle": [Function],
  "queryByAltText": [Function],
  "queryByDisplayValue": [Function],
  "queryByLabelText": [Function],
  "queryByPlaceholderText": [Function],
  "queryByRole": [Function],
  "queryByTestId": [Function],
  "queryByText": [Function],
  "queryByTitle": [Function],
  "rerender": [Function],
  "unmount": [Function],
}
`;

exports[`Pruebas del componente <GifGrid/> Deben cargarse las imagenes al hacer el useFetchGifs 1`] = `
{
  "asFragment": [Function],
  "baseElement": <body>
    <div>
      <h3>
        One Punch
      </h3>
      <div
        class="card-grid"
      >
        <div
          class="card"
        >
          <img
            alt="Saitama"
            src="http:ofgofign"
          />
          <p>
            Saitama
          </p>
        </div>
        <div
          class="card"
        >
          <img
            alt="Pokemon"
            src="http:ofgofign"
          />
          <p>
            Pokemon
          </p>
        </div>
      </div>
    </div>
  </body>,
  "container": <div>
    <h3>
      One Punch
    </h3>
    <div
      class="card-grid"
    >
      <div
        class="card"
      >
        <img
          alt="Saitama"
          src="http:ofgofign"
        />
        <p>
          Saitama
        </p>
      </div>
      <div
        class="card"
      >
        <img
          alt="Pokemon"
          src="http:ofgofign"
        />
        <p>
          Pokemon
        </p>
      </div>
    </div>
  </div>,
  "debug": [Function],
  "findAllByAltText": [Function],
  "findAllByDisplayValue": [Function],
  "findAllByLabelText": [Function],
  "findAllByPlaceholderText": [Function],
  "findAllByRole": [Function],
  "findAllByTestId": [Function],
  "findAllByText": [Function],
  "findAllByTitle": [Function],
  "findByAltText": [Function],
  "findByDisplayValue": [Function],
  "findByLabelText": [Function],
  "findByPlaceholderText": [Function],
  "findByRole": [Function],
  "findByTestId": [Function],
  "findByText": [Function],
  "findByTitle": [Function],
  "getAllByAltText": [Function],
  "getAllByDisplayValue": [Function],
  "getAllByLabelText": [Function],
  "getAllByPlaceholderText": [Function],
  "getAllByRole": [Function],
  "getAllByTestId": [Function],
  "getAllByText": [Function],
  "getAllByTitle": [Function],
  "getByAltText": [Function],
  "getByDisplayValue": [Function],
  "getByLabelText": [Function],
  "getByPlaceholderText": [Function],
  "getByRole": [Function],
  "getByTestId": [Function],
  "getByText": [Function],
  "getByTitle": [Function],
  "queryAllByAltText": [Function],
  "queryAllByDisplayValue": [Function],
  "queryAllByLabelText": [Function],
  "queryAllByPlaceholderText": [Function],
  "queryAllByRole": [Function],
  "queryAllByTestId": [Function],
  "queryAllByText": [Function],
  "queryAllByTitle": [Function],
  "queryByAltText": [Function],
  "queryByDisplayValue": [Function],
  "queryByLabelText": [Function],
  "queryByPlaceholderText": [Function],
  "queryByRole": [Function],
  "queryByTestId": [Function],
  "queryByText": [Function],
  "queryByTitle": [Function],
  "rerender": [Function],
  "unmount": [Function],
}
`;
